C51 COMPILER V9.00   CRC8                                                                  10/15/2018 14:10:31 PAGE 1   


C51 COMPILER V9.00, COMPILATION OF MODULE CRC8
OBJECT MODULE PLACED IN ..\Output\crc8.obj
COMPILER INVOKED BY: D:\Keil_v514\C51\BIN\C51.EXE ..\User\crc8.c OPTIMIZE(8,SPEED) BROWSE DEBUG OBJECTEXTEND PRINT(..\Li
                    -sting\crc8.lst) TABS(2) OBJECT(..\Output\crc8.obj)

line level    source

   1          #include "crc8.h"
   2          
   3          
   4          /**********************************************************************************
   5            * @brief  对数据进行CRC值运算
   6            * @param  len--数据长度；
   7                      buf--数据内容
   8            * @retval CRC值
   9           *********************************************************************************/
  10          uint8_t CRC8_Check(uint8_t len,const uint8_t *buf)
  11          {
  12   1          uint8_t num_i=0,num_j=0,crc =0,middle_byte =0;
  13   1          for(num_i = 0 ; num_i < len; num_i++)
  14   1          {
  15   2              middle_byte = buf[num_i]; 
  16   2              for( num_j = 0 ; num_j < 8; num_j++){
  17   3                  if(((crc^middle_byte)&0x01) == 0 ){
  18   4                      crc >>=1;
  19   4                  }
  20   3                  else{
  21   4                      crc^= 0x18;
  22   4                      crc >>=1;
  23   4                      crc |=0x80;
  24   4                  }
  25   3                  middle_byte >>=1;
  26   3              }
  27   2          }
  28   1          return crc ;
  29   1      }
  30          
  31          
  32          
  33          
  34          
  35          /*******************************END*********************************/


MODULE INFORMATION:   STATIC OVERLAYABLE
   CODE SIZE        =     69    ----
   CONSTANT SIZE    =   ----    ----
   XDATA SIZE       =   ----    ----
   PDATA SIZE       =   ----    ----
   DATA SIZE        =   ----       4
   IDATA SIZE       =   ----    ----
   BIT SIZE         =   ----    ----
END OF MODULE INFORMATION.


C51 COMPILATION COMPLETE.  0 WARNING(S),  0 ERROR(S)
